// Vitest Snapshot v1, https://vitest.dev/guide/snapshot.html

exports[`Fluxo de Autenticação > deve corresponder ao snapshot da UI 1`] = `
<DocumentFragment>
  <div
    class="min-h-[100dvh] bg-slate-50 dark:bg-slate-900 pt-[env(safe-area-inset-top)] pb-[env(safe-area-inset-bottom)]"
  >
    <div
      class="absolute top-4 right-4"
    >
      <div
        data-testid="theme-toggle"
      >
        Toggle
      </div>
    </div>
    <div
      class="container mx-auto px-4 py-8 lg:py-16"
    >
      <div
        class="grid lg:grid-cols-2 gap-8 lg:gap-16 items-center min-h-[calc(100vh-8rem)]"
      >
        <div
          class="hidden lg:block space-y-8"
        >
          <div
            class="space-y-6"
          >
            <div
              class="flex items-center space-x-3"
            >
              <div
                class="flex h-12 w-12 items-center justify-center rounded-xl bg-gradient-to-r from-blue-600 to-purple-600 text-white shadow-lg"
              >
                <svg
                  class="lucide lucide-heart h-6 w-6"
                  fill="none"
                  height="24"
                  stroke="currentColor"
                  stroke-linecap="round"
                  stroke-linejoin="round"
                  stroke-width="2"
                  viewBox="0 0 24 24"
                  width="24"
                  xmlns="http://www.w3.org/2000/svg"
                >
                  <path
                    d="M19 14c1.49-1.46 3-3.21 3-5.5A5.5 5.5 0 0 0 16.5 3c-1.76 0-3 .5-4.5 2-1.5-1.5-2.74-2-4.5-2A5.5 5.5 0 0 0 2 8.5c0 2.3 1.5 4.05 3 5.5l7 7Z"
                  />
                </svg>
              </div>
              <div>
                <h1
                  class="text-3xl font-bold bg-gradient-to-r from-blue-600 to-purple-600 bg-clip-text text-transparent"
                >
                  Gestão Atípicos
                </h1>
                <p
                  class="text-muted-foreground"
                >
                  Sistema de cuidado especializado
                </p>
              </div>
            </div>
            <p
              class="text-xl text-muted-foreground leading-relaxed"
            >
              Plataforma completa para gestão e acompanhamento de estudantes atípicos, conectando cuidadores, famílias e gestores em um ambiente colaborativo.
            </p>
          </div>
          <div
            class="grid gap-6"
          >
            <div
              class="flex items-start space-x-4"
            >
              <div
                class="flex h-10 w-10 items-center justify-center rounded-lg bg-blue-100 text-blue-600"
              >
                <svg
                  class="lucide lucide-graduation-cap h-5 w-5"
                  fill="none"
                  height="24"
                  stroke="currentColor"
                  stroke-linecap="round"
                  stroke-linejoin="round"
                  stroke-width="2"
                  viewBox="0 0 24 24"
                  width="24"
                  xmlns="http://www.w3.org/2000/svg"
                >
                  <path
                    d="M21.42 10.922a1 1 0 0 0-.019-1.838L12.83 5.18a2 2 0 0 0-1.66 0L2.6 9.08a1 1 0 0 0 0 1.832l8.57 3.908a2 2 0 0 0 1.66 0z"
                  />
                  <path
                    d="M22 10v6"
                  />
                  <path
                    d="M6 12.5V16a6 3 0 0 0 12 0v-3.5"
                  />
                </svg>
              </div>
              <div>
                <h3
                  class="font-semibold"
                >
                  Acompanhamento Individual
                </h3>
                <p
                  class="text-sm text-muted-foreground"
                >
                  Registro detalhado do progresso e necessidades de cada estudante
                </p>
              </div>
            </div>
            <div
              class="flex items-start space-x-4"
            >
              <div
                class="flex h-10 w-10 items-center justify-center rounded-lg bg-green-100 text-green-600"
              >
                <svg
                  class="lucide lucide-users h-5 w-5"
                  fill="none"
                  height="24"
                  stroke="currentColor"
                  stroke-linecap="round"
                  stroke-linejoin="round"
                  stroke-width="2"
                  viewBox="0 0 24 24"
                  width="24"
                  xmlns="http://www.w3.org/2000/svg"
                >
                  <path
                    d="M16 21v-2a4 4 0 0 0-4-4H6a4 4 0 0 0-4 4v2"
                  />
                  <circle
                    cx="9"
                    cy="7"
                    r="4"
                  />
                  <path
                    d="M22 21v-2a4 4 0 0 0-3-3.87"
                  />
                  <path
                    d="M16 3.13a4 4 0 0 1 0 7.75"
                  />
                </svg>
              </div>
              <div>
                <h3
                  class="font-semibold"
                >
                  Equipe Colaborativa
                </h3>
                <p
                  class="text-sm text-muted-foreground"
                >
                  Comunicação eficiente entre cuidadores, famílias e gestores
                </p>
              </div>
            </div>
            <div
              class="flex items-start space-x-4"
            >
              <div
                class="flex h-10 w-10 items-center justify-center rounded-lg bg-purple-100 text-purple-600"
              >
                <svg
                  class="lucide lucide-star h-5 w-5"
                  fill="none"
                  height="24"
                  stroke="currentColor"
                  stroke-linecap="round"
                  stroke-linejoin="round"
                  stroke-width="2"
                  viewBox="0 0 24 24"
                  width="24"
                  xmlns="http://www.w3.org/2000/svg"
                >
                  <path
                    d="M11.525 2.295a.53.53 0 0 1 .95 0l2.31 4.679a2.123 2.123 0 0 0 1.595 1.16l5.166.756a.53.53 0 0 1 .294.904l-3.736 3.638a2.123 2.123 0 0 0-.611 1.878l.882 5.14a.53.53 0 0 1-.771.56l-4.618-2.428a2.122 2.122 0 0 0-1.973 0L6.396 21.01a.53.53 0 0 1-.77-.56l.881-5.139a2.122 2.122 0 0 0-.611-1.879L2.16 9.795a.53.53 0 0 1 .294-.906l5.165-.755a2.122 2.122 0 0 0 1.597-1.16z"
                  />
                </svg>
              </div>
              <div>
                <h3
                  class="font-semibold"
                >
                  Cuidado Especializado
                </h3>
                <p
                  class="text-sm text-muted-foreground"
                >
                  Ferramentas especializadas para atendimento de qualidade
                </p>
              </div>
            </div>
          </div>
          <div
            class="p-6 rounded-xl bg-gradient-to-r from-blue-50 to-purple-50 border border-blue-100"
          >
            <p
              class="text-sm text-blue-700 italic"
            >
              "Um sistema feito com carinho para quem dedica sua vida ao cuidado de pessoas especiais."
            </p>
          </div>
        </div>
        <div
          class="w-full max-w-md mx-auto lg:mx-0"
        >
          <div
            class="rounded-lg border bg-card text-card-foreground shadow-xl border-t-4 border-blue-600"
          >
            <div
              class="flex flex-col p-6 text-center space-y-4 pb-8"
            >
              <div
                class="flex justify-center lg:hidden mb-6"
              >
                <div
                  class="flex h-16 w-16 items-center justify-center rounded-xl bg-gradient-to-r from-blue-600 to-purple-600 text-white shadow-lg"
                >
                  <svg
                    class="lucide lucide-heart h-8 w-8"
                    fill="none"
                    height="24"
                    stroke="currentColor"
                    stroke-linecap="round"
                    stroke-linejoin="round"
                    stroke-width="2"
                    viewBox="0 0 24 24"
                    width="24"
                    xmlns="http://www.w3.org/2000/svg"
                  >
                    <path
                      d="M19 14c1.49-1.46 3-3.21 3-5.5A5.5 5.5 0 0 0 16.5 3c-1.76 0-3 .5-4.5 2-1.5-1.5-2.74-2-4.5-2A5.5 5.5 0 0 0 2 8.5c0 2.3 1.5 4.05 3 5.5l7 7Z"
                    />
                  </svg>
                </div>
              </div>
              <div
                class="lg:hidden space-y-2"
              >
                <h3
                  class="font-semibold tracking-tight text-2xl bg-gradient-to-r from-blue-600 to-purple-600 bg-clip-text text-transparent"
                >
                  Gestão Atípicos
                </h3>
                <p
                  class="text-muted-foreground text-base"
                >
                  Sistema de cuidado especializado
                </p>
              </div>
              <div
                class="hidden lg:block space-y-2"
              >
                <h3
                  class="font-semibold tracking-tight text-2xl"
                >
                  Bem-vindo!
                </h3>
                <p
                  class="text-muted-foreground text-base"
                >
                  Acesse sua conta para continuar
                </p>
              </div>
            </div>
            <div
              class="p-6 pt-0"
            >
              <form
                class="space-y-5"
              >
                <div
                  class="space-y-2"
                >
                  <label
                    class="peer-disabled:cursor-not-allowed peer-disabled:opacity-70 text-sm font-medium"
                    for="email"
                  >
                    Email
                  </label>
                  <input
                    class="flex w-full rounded-md border border-input bg-background px-3 py-2 text-base ring-offset-background file:border-0 file:bg-transparent file:text-sm file:font-medium file:text-foreground placeholder:text-muted-foreground focus-visible:outline-none focus-visible:ring-2 focus-visible:ring-ring focus-visible:ring-offset-2 disabled:cursor-not-allowed disabled:opacity-50 md:text-sm h-11"
                    id="email"
                    placeholder="seu@email.com"
                    required=""
                    type="email"
                    value=""
                  />
                </div>
                <div
                  class="space-y-2"
                >
                  <label
                    class="peer-disabled:cursor-not-allowed peer-disabled:opacity-70 text-sm font-medium"
                    for="password"
                  >
                    Senha
                  </label>
                  <div
                    class="relative"
                  >
                    <input
                      class="flex w-full rounded-md border border-input bg-background px-3 py-2 text-base ring-offset-background file:border-0 file:bg-transparent file:text-sm file:font-medium file:text-foreground placeholder:text-muted-foreground focus-visible:outline-none focus-visible:ring-2 focus-visible:ring-ring focus-visible:ring-offset-2 disabled:cursor-not-allowed disabled:opacity-50 md:text-sm h-11 pr-10"
                      id="password"
                      placeholder="••••••••"
                      required=""
                      type="password"
                      value=""
                    />
                    <button
                      class="inline-flex items-center justify-center gap-2 whitespace-nowrap text-sm font-medium ring-offset-background transition-colors focus-visible:outline-none focus-visible:ring-2 focus-visible:ring-ring focus-visible:ring-offset-2 disabled:pointer-events-none disabled:opacity-50 [&_svg]:pointer-events-none [&_svg]:size-4 [&_svg]:shrink-0 hover:text-accent-foreground rounded-md absolute right-2 top-1/2 -translate-y-1/2 h-8 w-8 p-0 hover:bg-transparent"
                      type="button"
                    >
                      <svg
                        class="lucide lucide-eye h-4 w-4"
                        fill="none"
                        height="24"
                        stroke="currentColor"
                        stroke-linecap="round"
                        stroke-linejoin="round"
                        stroke-width="2"
                        viewBox="0 0 24 24"
                        width="24"
                        xmlns="http://www.w3.org/2000/svg"
                      >
                        <path
                          d="M2.062 12.348a1 1 0 0 1 0-.696 10.75 10.75 0 0 1 19.876 0 1 1 0 0 1 0 .696 10.75 10.75 0 0 1-19.876 0"
                        />
                        <circle
                          cx="12"
                          cy="12"
                          r="3"
                        />
                      </svg>
                    </button>
                  </div>
                </div>
                <button
                  class="inline-flex items-center justify-center gap-2 whitespace-nowrap rounded-md text-sm font-medium ring-offset-background transition-colors focus-visible:outline-none focus-visible:ring-2 focus-visible:ring-ring focus-visible:ring-offset-2 disabled:pointer-events-none disabled:opacity-50 [&_svg]:pointer-events-none [&_svg]:size-4 [&_svg]:shrink-0 bg-primary text-primary-foreground hover:bg-primary/90 px-4 py-2 w-full h-11 bg-gradient-to-r from-blue-600 to-purple-600 hover:from-blue-700 hover:to-purple-700"
                  type="submit"
                >
                  Entrar
                </button>
              </form>
              <div
                class="mt-4 text-center"
              >
                <a
                  class="text-sm text-blue-600 hover:text-blue-800 hover:underline dark:text-blue-400"
                  href="/tutorial"
                >
                  Saiba mais sobre o sistema, segurança e LGPD
                </a>
                <div
                  class="mt-2 lg:hidden"
                >
                  <a
                    class="text-xs text-muted-foreground hover:text-blue-600 underline"
                    download="GestaoAtipicos.apk"
                    href="/GestaoAtipicos.apk"
                  >
                    Baixar APK para Android (Versão Nativa)
                  </a>
                </div>
              </div>
              <div
                class="flex items-center p-6 text-xs text-muted-foreground pt-6 justify-center"
              >
                <p>
                  Todos os Direitos Reservados © 2026 | Dev: Marcos Guilherme
                </p>
              </div>
            </div>
          </div>
        </div>
      </div>
    </div>
    <footer
      class="absolute bottom-0 left-0 right-0 py-4"
    />
    <div
      class="fixed bottom-6 left-0 right-0 z-40 flex justify-center px-4"
    >
      <button
        class="inline-flex items-center justify-center whitespace-nowrap text-sm font-medium ring-offset-background transition-colors focus-visible:outline-none focus-visible:ring-2 focus-visible:ring-ring focus-visible:ring-offset-2 disabled:pointer-events-none disabled:opacity-50 [&_svg]:pointer-events-none [&_svg]:size-4 [&_svg]:shrink-0 bg-primary text-primary-foreground hover:bg-primary/90 h-10 px-4 py-2 w-full max-w-sm shadow-lg rounded-full gap-2 animate-in slide-in-from-bottom-4 duration-700"
      >
        <svg
          class="lucide lucide-download h-4 w-4"
          fill="none"
          height="24"
          stroke="currentColor"
          stroke-linecap="round"
          stroke-linejoin="round"
          stroke-width="2"
          viewBox="0 0 24 24"
          width="24"
          xmlns="http://www.w3.org/2000/svg"
        >
          <path
            d="M21 15v4a2 2 0 0 1-2 2H5a2 2 0 0 1-2-2v-4"
          />
          <polyline
            points="7 10 12 15 17 10"
          />
          <line
            x1="12"
            x2="12"
            y1="15"
            y2="3"
          />
        </svg>
        Instalar App
      </button>
    </div>
  </div>
</DocumentFragment>
`;
